// Jest Snapshot v1, https://goo.gl/fbAQLP

exports[`[Component] NewCard shallow renders correctly 1`] = `
ShallowWrapper {
  "length": 1,
  Symbol(enzyme.__root__): [Circular],
  Symbol(enzyme.__unrendered__): <NewCard />,
  Symbol(enzyme.__renderer__): Object {
    "batchedUpdates": [Function],
    "getNode": [Function],
    "render": [Function],
    "simulateEvent": [Function],
    "unmount": [Function],
  },
  Symbol(enzyme.__node__): Object {
    "instance": null,
    "key": undefined,
    "nodeType": "class",
    "props": Object {
      "behavior": "padding",
      "children": Array [
        <TextInput
          allowFontScaling={true}
          blurOnSubmit={false}
          onChangeText={[Function]}
          onSubmitEditing={[Function]}
          placeholder="Insert a question"
          style={
            Object {
              "borderColor": "#00A4D3",
              "borderRadius": 16,
              "borderWidth": 1,
              "height": 50,
              "marginTop": 20,
              "paddingLeft": 15,
              "width": 720,
            }
          }
          value=""
        />,
        <TextInput
          allowFontScaling={true}
          onChangeText={[Function]}
          placeholder="Insert an answer"
          style={
            Object {
              "borderColor": "#00A4D3",
              "borderRadius": 16,
              "borderWidth": 1,
              "height": 50,
              "marginTop": 20,
              "paddingLeft": 15,
              "width": 720,
            }
          }
          value=""
        />,
        <TouchableOpacity
          activeOpacity={0.2}
          onPress={[Function]}
          style={
            Object {
              "backgroundColor": "#18263D",
              "borderRadius": 16,
              "marginTop": 25,
              "padding": 10,
            }
          }
        >
          <Text
            accessible={true}
            allowFontScaling={true}
            ellipsizeMode="tail"
            style={
              Object {
                "color": "#00A4D3",
                "fontSize": 15,
                "padding": 5,
              }
            }
          >
             Submit 
          </Text>
        </TouchableOpacity>,
      ],
      "enabled": true,
      "keyboardVerticalOffset": 0,
      "style": Object {
        "alignItems": "center",
        "flex": 1,
        "padding": 10,
      },
    },
    "ref": null,
    "rendered": Array [
      Object {
        "instance": null,
        "key": undefined,
        "nodeType": "class",
        "props": Object {
          "allowFontScaling": true,
          "blurOnSubmit": false,
          "onChangeText": [Function],
          "onSubmitEditing": [Function],
          "placeholder": "Insert a question",
          "style": Object {
            "borderColor": "#00A4D3",
            "borderRadius": 16,
            "borderWidth": 1,
            "height": 50,
            "marginTop": 20,
            "paddingLeft": 15,
            "width": 720,
          },
          "value": "",
        },
        "ref": null,
        "rendered": null,
        "type": [Function],
      },
      Object {
        "instance": null,
        "key": undefined,
        "nodeType": "class",
        "props": Object {
          "allowFontScaling": true,
          "onChangeText": [Function],
          "placeholder": "Insert an answer",
          "style": Object {
            "borderColor": "#00A4D3",
            "borderRadius": 16,
            "borderWidth": 1,
            "height": 50,
            "marginTop": 20,
            "paddingLeft": 15,
            "width": 720,
          },
          "value": "",
        },
        "ref": [Function],
        "rendered": null,
        "type": [Function],
      },
      Object {
        "instance": null,
        "key": undefined,
        "nodeType": "class",
        "props": Object {
          "activeOpacity": 0.2,
          "children": <Text
            accessible={true}
            allowFontScaling={true}
            ellipsizeMode="tail"
            style={
              Object {
                "color": "#00A4D3",
                "fontSize": 15,
                "padding": 5,
              }
            }
          >
             Submit 
          </Text>,
          "onPress": [Function],
          "style": Object {
            "backgroundColor": "#18263D",
            "borderRadius": 16,
            "marginTop": 25,
            "padding": 10,
          },
        },
        "ref": null,
        "rendered": Object {
          "instance": null,
          "key": undefined,
          "nodeType": "class",
          "props": Object {
            "accessible": true,
            "allowFontScaling": true,
            "children": " Submit ",
            "ellipsizeMode": "tail",
            "style": Object {
              "color": "#00A4D3",
              "fontSize": 15,
              "padding": 5,
            },
          },
          "ref": null,
          "rendered": " Submit ",
          "type": [Function],
        },
        "type": [Function],
      },
    ],
    "type": [Function],
  },
  Symbol(enzyme.__nodes__): Array [
    Object {
      "instance": null,
      "key": undefined,
      "nodeType": "class",
      "props": Object {
        "behavior": "padding",
        "children": Array [
          <TextInput
            allowFontScaling={true}
            blurOnSubmit={false}
            onChangeText={[Function]}
            onSubmitEditing={[Function]}
            placeholder="Insert a question"
            style={
              Object {
                "borderColor": "#00A4D3",
                "borderRadius": 16,
                "borderWidth": 1,
                "height": 50,
                "marginTop": 20,
                "paddingLeft": 15,
                "width": 720,
              }
            }
            value=""
          />,
          <TextInput
            allowFontScaling={true}
            onChangeText={[Function]}
            placeholder="Insert an answer"
            style={
              Object {
                "borderColor": "#00A4D3",
                "borderRadius": 16,
                "borderWidth": 1,
                "height": 50,
                "marginTop": 20,
                "paddingLeft": 15,
                "width": 720,
              }
            }
            value=""
          />,
          <TouchableOpacity
            activeOpacity={0.2}
            onPress={[Function]}
            style={
              Object {
                "backgroundColor": "#18263D",
                "borderRadius": 16,
                "marginTop": 25,
                "padding": 10,
              }
            }
          >
            <Text
              accessible={true}
              allowFontScaling={true}
              ellipsizeMode="tail"
              style={
                Object {
                  "color": "#00A4D3",
                  "fontSize": 15,
                  "padding": 5,
                }
              }
            >
               Submit 
            </Text>
          </TouchableOpacity>,
        ],
        "enabled": true,
        "keyboardVerticalOffset": 0,
        "style": Object {
          "alignItems": "center",
          "flex": 1,
          "padding": 10,
        },
      },
      "ref": null,
      "rendered": Array [
        Object {
          "instance": null,
          "key": undefined,
          "nodeType": "class",
          "props": Object {
            "allowFontScaling": true,
            "blurOnSubmit": false,
            "onChangeText": [Function],
            "onSubmitEditing": [Function],
            "placeholder": "Insert a question",
            "style": Object {
              "borderColor": "#00A4D3",
              "borderRadius": 16,
              "borderWidth": 1,
              "height": 50,
              "marginTop": 20,
              "paddingLeft": 15,
              "width": 720,
            },
            "value": "",
          },
          "ref": null,
          "rendered": null,
          "type": [Function],
        },
        Object {
          "instance": null,
          "key": undefined,
          "nodeType": "class",
          "props": Object {
            "allowFontScaling": true,
            "onChangeText": [Function],
            "placeholder": "Insert an answer",
            "style": Object {
              "borderColor": "#00A4D3",
              "borderRadius": 16,
              "borderWidth": 1,
              "height": 50,
              "marginTop": 20,
              "paddingLeft": 15,
              "width": 720,
            },
            "value": "",
          },
          "ref": [Function],
          "rendered": null,
          "type": [Function],
        },
        Object {
          "instance": null,
          "key": undefined,
          "nodeType": "class",
          "props": Object {
            "activeOpacity": 0.2,
            "children": <Text
              accessible={true}
              allowFontScaling={true}
              ellipsizeMode="tail"
              style={
                Object {
                  "color": "#00A4D3",
                  "fontSize": 15,
                  "padding": 5,
                }
              }
            >
               Submit 
            </Text>,
            "onPress": [Function],
            "style": Object {
              "backgroundColor": "#18263D",
              "borderRadius": 16,
              "marginTop": 25,
              "padding": 10,
            },
          },
          "ref": null,
          "rendered": Object {
            "instance": null,
            "key": undefined,
            "nodeType": "class",
            "props": Object {
              "accessible": true,
              "allowFontScaling": true,
              "children": " Submit ",
              "ellipsizeMode": "tail",
              "style": Object {
                "color": "#00A4D3",
                "fontSize": 15,
                "padding": 5,
              },
            },
            "ref": null,
            "rendered": " Submit ",
            "type": [Function],
          },
          "type": [Function],
        },
      ],
      "type": [Function],
    },
  ],
  Symbol(enzyme.__options__): Object {
    "adapter": ReactSixteenAdapter {
      "options": Object {
        "enableComponentDidUpdateOnSetState": true,
      },
    },
  },
}
`;
