// Jest Snapshot v1, https://goo.gl/fbAQLP

exports[`Action Creators addCard should dispatch an ADD_CARD action 1`] = `
Object {
  "payload": Object {
    "answer": "This is a test answer",
    "question": "This is a test question",
  },
  "title": "ExampleKeyTitle",
  "type": "ADD_CARD",
}
`;

exports[`Action Creators addDeck should dispatch an ADD_DECK action 1`] = `
Object {
  "payload": Object {
    "questions": Array [
      Object {
        "answer": "The combination of a function and the lexical environment within which that function was declared.",
        "question": "What is a closure?",
      },
    ],
    "title": "JavaScript",
  },
  "type": "ADD_DECK",
}
`;
